../Drivers/SSD1306/Src/hal_lcd.c:10:6:LCD_Init	8	static
../Drivers/SSD1306/Src/hal_lcd.c:15:6:LCD_PrintTest	32	static
../Drivers/SSD1306/Src/hal_lcd.c:66:6:LCD_Print1stLine	24	static
../Drivers/SSD1306/Src/hal_lcd.c:81:6:LCD_Print2ndLine	24	static
../Drivers/SSD1306/Src/hal_lcd.c:98:6:LCD_Print	24	static
../Drivers/SSD1306/Src/hal_lcd.c:121:6:LCD_PrintLabel	24	static
../Drivers/SSD1306/Src/hal_lcd.c:129:6:LCD_THREAD_PrintRLOC	24	static
../Drivers/SSD1306/Src/hal_lcd.c:138:6:LCD_THREAD_PrintPanId	24	static
../Drivers/SSD1306/Src/hal_lcd.c:147:6:LCD_THREAD_PrintRole	24	static
../Drivers/SSD1306/Src/hal_lcd.c:156:6:LCD_THREAD_PrintAddress	24	static
../Drivers/SSD1306/Src/hal_lcd.c:165:6:LCD_BLE_PrintLocalName	24	static
../Drivers/SSD1306/Src/hal_lcd.c:173:6:LCD_BLE_Indicate_Server1	16	static
../Drivers/SSD1306/Src/hal_lcd.c:183:6:LCD_BLE_Indicate_Server2	16	static
../Drivers/SSD1306/Src/hal_lcd.c:192:6:LCD_BLE_Indicate_Server3	16	static
../Drivers/SSD1306/Src/hal_lcd.c:201:6:LCD_BLE_Indicate_Server4	16	static
../Drivers/SSD1306/Src/hal_lcd.c:210:6:LCD_BLE_Indicate_Server5	16	static
../Drivers/SSD1306/Src/hal_lcd.c:219:6:LCD_BLE_Indicate_Server6	16	static
../Drivers/SSD1306/Src/hal_lcd.c:227:6:LCD_BLE_PrintLogo	16	static
../Drivers/SSD1306/Src/hal_lcd.c:241:6:LCD_BLE_PrintStatus	24	static
../Drivers/SSD1306/Src/hal_lcd.c:250:6:LCD_BLE_HRS_PrintBPM	24	static
../Drivers/SSD1306/Src/hal_lcd.c:259:6:LCD_BLE_HTS_PrintTemperature	24	static
../Drivers/SSD1306/Src/hal_lcd.c:271:6:LCD_BLE_TPS_PrintRSSI	24	static
../Drivers/SSD1306/Src/hal_lcd.c:282:6:LCD_PrintError	24	static
