../Drivers/SSD1306/Src/ssd1306.c:52:9:SSD1306_Init	8	static
../Drivers/SSD1306/Src/ssd1306.c:128:6:SSD1306_UpdateScreen	16	static
../Drivers/SSD1306/Src/ssd1306.c:141:6:SSD1306_ToggleInvert	16	static
../Drivers/SSD1306/Src/ssd1306.c:153:6:SSD1306_Fill	16	static
../Drivers/SSD1306/Src/ssd1306.c:158:6:SSD1306_DrawPixel	16	static
../Drivers/SSD1306/Src/ssd1306.c:180:6:SSD1306_GotoXY	16	static
../Drivers/SSD1306/Src/ssd1306.c:186:6:SSD1306_Putc	32	static
../Drivers/SSD1306/Src/ssd1306.c:217:6:SSD1306_Puts	24	static
../Drivers/SSD1306/Src/ssd1306.c:234:6:SSD1306_DrawLine	40	static
../Drivers/SSD1306/Src/ssd1306.c:318:6:SSD1306_DrawRectangle	32	static
../Drivers/SSD1306/Src/ssd1306.c:343:6:SSD1306_DrawFilledRectangle	40	static
../Drivers/SSD1306/Src/ssd1306.c:370:6:SSD1306_DrawTriangle	32	static
../Drivers/SSD1306/Src/ssd1306.c:377:6:SSD1306_DrawFilledTriangle	64	static
../Drivers/SSD1306/Src/ssd1306.c:433:6:SSD1306_DrawCircle	40	static
../Drivers/SSD1306/Src/ssd1306.c:467:6:SSD1306_DrawFilledCircle	48	static
../Drivers/SSD1306/Src/ssd1306.c:498:6:SSD1306_ON	8	static
../Drivers/SSD1306/Src/ssd1306.c:503:6:SSD1306_OFF	8	static
../Drivers/SSD1306/Src/ssd1306.c:516:6:ssd1306_I2C_Init	8	static
../Drivers/SSD1306/Src/ssd1306.c:535:6:ssd1306_I2C_WriteMultiple	64	dynamic
../Drivers/SSD1306/Src/ssd1306.c:544:6:ssd1306_I2C_Write	32	static
